   1               		.file	"main.c"
   2               	__SREG__ = 0x3f
   3               	__SP_H__ = 0x3e
   4               	__SP_L__ = 0x3d
   5               	__CCP__  = 0x34
   6               	__tmp_reg__ = 0
   7               	__zero_reg__ = 1
  15               	.Ltext0:
  16               		.data
  17               	.LC0:
  18 0000 0D0A 00   		.string	"\r\n"
  19               		.text
  20               	.global	main
  22               	main:
  23               	.LFB6:
  24               	.LM1:
  25 0000 CF93      		push r28
  26 0002 DF93      		push r29
  27               	/* prologue: function */
  28               	/* frame size = 0 */
  29               	.LM2:
  30 0004 84E6      		ldi r24,lo8(100)
  31 0006 90E0      		ldi r25,hi8(100)
  32 0008 0E94 0000 		call Timebase_Init
  33               	.LM3:
  34 000c 60E0      		ldi r22,lo8(38400)
  35 000e 76E9      		ldi r23,hi8(38400)
  36 0010 80E0      		ldi r24,hlo8(38400)
  37 0012 90E0      		ldi r25,hhi8(38400)
  38 0014 0E94 0000 		call UART_Init
  39               	.LBB12:
  40               	.LBB13:
  41               	.LBB14:
  42               	.LBB15:
  43               	.LM4:
  44 0018 C0E3      		ldi r28,lo8(30000)
  45 001a D5E7      		ldi r29,hi8(30000)
  46               	.L2:
  47               	.LBE15:
  48               	.LBE14:
  49               	.LBE13:
  50               	.LBE12:
  51               	.LM5:
  52 001c 0E94 0000 		call Timebase_Timer_Get_SubSeconds
  53 0020 0E94 0000 		call UART_Transmit_Number
  54               	.LM6:
  55 0024 80E0      		ldi r24,lo8(.LC0)
  56 0026 90E0      		ldi r25,hi8(.LC0)
  57 0028 0E94 0000 		call UART_Transmit_Text
  58               	.LBB19:
  59               	.LBB18:
  60               	.LBB17:
  61               	.LBB16:
  62               	.LM7:
  63 002c CE01      		movw r24,r28
  64               	.LVL0:
  65               	/* #APP */
  66               	 ;  105 "c:/winavr-20100110/lib/gcc/../../avr/include/util/delay_basic.h" 1
  67 002e 0197      		1: sbiw r24,1
  68 0030 01F4      		brne 1b
  69               	 ;  0 "" 2
  70               	/* #NOAPP */
  71 0032 00C0      		rjmp .L2
  72               	.LBE16:
  73               	.LBE17:
  74               	.LBE18:
  75               	.LBE19:
  76               	.LFE6:
 102               	.Letext0:
DEFINED SYMBOLS
                            *ABS*:00000000 main.c
C:\Users\EED-R&I\AppData\Local\Temp/ccmOXFlv.s:2      *ABS*:0000003f __SREG__
C:\Users\EED-R&I\AppData\Local\Temp/ccmOXFlv.s:3      *ABS*:0000003e __SP_H__
C:\Users\EED-R&I\AppData\Local\Temp/ccmOXFlv.s:4      *ABS*:0000003d __SP_L__
C:\Users\EED-R&I\AppData\Local\Temp/ccmOXFlv.s:5      *ABS*:00000034 __CCP__
C:\Users\EED-R&I\AppData\Local\Temp/ccmOXFlv.s:6      *ABS*:00000000 __tmp_reg__
C:\Users\EED-R&I\AppData\Local\Temp/ccmOXFlv.s:7      *ABS*:00000001 __zero_reg__
C:\Users\EED-R&I\AppData\Local\Temp/ccmOXFlv.s:22     .text:00000000 main

UNDEFINED SYMBOLS
Timebase_Init
UART_Init
Timebase_Timer_Get_SubSeconds
UART_Transmit_Number
UART_Transmit_Text
__do_copy_data
