   1               		.file	"main.c"
   2               	__SREG__ = 0x3f
   3               	__SP_H__ = 0x3e
   4               	__SP_L__ = 0x3d
   5               	__CCP__  = 0x34
   6               	__tmp_reg__ = 0
   7               	__zero_reg__ = 1
  15               	.Ltext0:
  16               	.global	main
  18               	main:
  19               	.LFB6:
  20               	.LM1:
  21 0000 0F93      		push r16
  22 0002 1F93      		push r17
  23 0004 CF93      		push r28
  24 0006 DF93      		push r29
  25               	/* prologue: function */
  26               	/* frame size = 0 */
  27               	.LM2:
  28 0008 82E3      		ldi r24,lo8(50)
  29 000a 90E0      		ldi r25,hi8(50)
  30 000c 0E94 0000 		call Timebase_Init
  31               	.LM3:
  32 0010 0E94 0000 		call PWM_Init
  33               	.LM4:
  34 0014 0E94 0000 		call ADC_Init
  35               	.LM5:
  36 0018 0E94 0000 		call PID_Init
  37               	.LM6:
  38 001c 0E94 0000 		call Debug_Init
  39               	.LM7:
  40 0020 82E0      		ldi r24,lo8(2)
  41 0022 90E0      		ldi r25,hi8(2)
  42 0024 0E94 0000 		call Timebase_Timer_Await_SubSeconds
  43               	.LM8:
  44 0028 84E0      		ldi r24,lo8(4)
  45 002a 90E0      		ldi r25,hi8(4)
  46 002c 0E94 0000 		call Iron_Set_Max_PWM_Div_Fact
  47               	.LBB18:
  48               	.LBB19:
  49               	.LBB20:
  50               	.LBB21:
  51               	.LM9:
  52 0030 08E9      		ldi r16,lo8(15000)
  53 0032 1AE3      		ldi r17,hi8(15000)
  54               	.LBE21:
  55               	.LBE20:
  56               	.LBE19:
  57               	.LBE18:
  58               	.LBB25:
  59               	.LBB26:
  60               	.LBB27:
  61               	.LBB28:
  62 0034 C8E2      		ldi r28,lo8(9000)
  63 0036 D3E2      		ldi r29,hi8(9000)
  64               	.L2:
  65               	.LBE28:
  66               	.LBE27:
  67               	.LBE26:
  68               	.LBE25:
  69               	.LM10:
  70 0038 85E0      		ldi r24,lo8(5)
  71 003a 90E0      		ldi r25,hi8(5)
  72 003c 0E94 0000 		call Timebase_Timer_Await_SubSeconds
  73               	.LM11:
  74 0040 0E94 0000 		call Iron_Heater_Off
  75               	.LBB32:
  76               	.LBB24:
  77               	.LBB23:
  78               	.LBB22:
  79               	.LM12:
  80 0044 C801      		movw r24,r16
  81               	.LVL0:
  82               	/* #APP */
  83               	 ;  105 "c:/winavr-20100110/lib/gcc/../../avr/include/util/delay_basic.h" 1
  84 0046 0197      		1: sbiw r24,1
  85 0048 01F4      		brne 1b
  86               	 ;  0 "" 2
  87               	/* #NOAPP */
  88               	.LBE22:
  89               	.LBE23:
  90               	.LBE24:
  91               	.LBE32:
  92               	.LM13:
  93 004a 0E94 0000 		call ADC_Read_Temperature
  94               	.LVL1:
  95               	.LM14:
  96 004e 8AEF      		ldi r24,lo8(250)
  97 0050 90E0      		ldi r25,hi8(250)
  98 0052 0E94 0000 		call Iron_Heater_On
  99               	.LBB33:
 100               	.LBB31:
 101               	.LBB30:
 102               	.LBB29:
 103               	.LM15:
 104 0056 CE01      		movw r24,r28
 105               	.LVL2:
 106               	/* #APP */
 107               	 ;  105 "c:/winavr-20100110/lib/gcc/../../avr/include/util/delay_basic.h" 1
 108 0058 0197      		1: sbiw r24,1
 109 005a 01F4      		brne 1b
 110               	 ;  0 "" 2
 111               	/* #NOAPP */
 112               	.LBE29:
 113               	.LBE30:
 114               	.LBE31:
 115               	.LBE33:
 116               	.LM16:
 117 005c 0E94 0000 		call Debug_Print_PID_SetPoint
 118               	.LVL3:
 119               	.LM17:
 120 0060 0E94 0000 		call Debug_Print_Current_Temperature
 121               	.LM18:
 122 0064 0E94 0000 		call Debug_Print_Power_Draw
 123               	.LM19:
 124 0068 0E94 0000 		call UART_Transmit_New_Line
 125 006c 00C0      		rjmp .L2
 126               	.LFE6:
 152               	.Letext0:
DEFINED SYMBOLS
                            *ABS*:00000000 main.c
C:\Users\WALTON\AppData\Local\Temp/cc9IWfk8.s:2      *ABS*:0000003f __SREG__
C:\Users\WALTON\AppData\Local\Temp/cc9IWfk8.s:3      *ABS*:0000003e __SP_H__
C:\Users\WALTON\AppData\Local\Temp/cc9IWfk8.s:4      *ABS*:0000003d __SP_L__
C:\Users\WALTON\AppData\Local\Temp/cc9IWfk8.s:5      *ABS*:00000034 __CCP__
C:\Users\WALTON\AppData\Local\Temp/cc9IWfk8.s:6      *ABS*:00000000 __tmp_reg__
C:\Users\WALTON\AppData\Local\Temp/cc9IWfk8.s:7      *ABS*:00000001 __zero_reg__
C:\Users\WALTON\AppData\Local\Temp/cc9IWfk8.s:18     .text:00000000 main

UNDEFINED SYMBOLS
Timebase_Init
PWM_Init
ADC_Init
PID_Init
Debug_Init
Timebase_Timer_Await_SubSeconds
Iron_Set_Max_PWM_Div_Fact
Iron_Heater_Off
ADC_Read_Temperature
Iron_Heater_On
Debug_Print_PID_SetPoint
Debug_Print_Current_Temperature
Debug_Print_Power_Draw
UART_Transmit_New_Line
